[10-Feb-2026 01:02:16 UTC] PHP Warning:  Undefined array key "count" in C:\xampp\htdocs\Defsec\v2\admin\admin_websites.php on line 129
[10-Feb-2026 01:02:16 UTC] PHP Warning:  Undefined array key "count" in C:\xampp\htdocs\Defsec\v2\admin\admin_websites.php on line 132
[10-Feb-2026 01:02:16 UTC] PHP Warning:  Undefined array key "count" in C:\xampp\htdocs\Defsec\v2\admin\admin_websites.php on line 135
[10-Feb-2026 01:02:16 UTC] PHP Warning:  Undefined array key "count" in C:\xampp\htdocs\Defsec\v2\admin\admin_websites.php on line 143
[10-Feb-2026 01:02:16 UTC] PHP Warning:  include(includes/admin_navbar.php): Failed to open stream: No such file or directory in C:\xampp\htdocs\Defsec\v2\admin\admin_websites.php on line 237
[10-Feb-2026 01:02:16 UTC] PHP Warning:  include(): Failed opening 'includes/admin_navbar.php' for inclusion (include_path='C:\xampp\php\PEAR') in C:\xampp\htdocs\Defsec\v2\admin\admin_websites.php on line 237
[10-Feb-2026 01:02:16 UTC] PHP Warning:  include(includes/admin_sidebar.php): Failed to open stream: No such file or directory in C:\xampp\htdocs\Defsec\v2\admin\admin_websites.php on line 238
[10-Feb-2026 01:02:16 UTC] PHP Warning:  include(): Failed opening 'includes/admin_sidebar.php' for inclusion (include_path='C:\xampp\php\PEAR') in C:\xampp\htdocs\Defsec\v2\admin\admin_websites.php on line 238
[10-Feb-2026 01:05:16 UTC] PHP Warning:  Undefined array key "count" in C:\xampp\htdocs\Defsec\v2\admin\admin_websites.php on line 129
[10-Feb-2026 01:05:16 UTC] PHP Warning:  Undefined array key "count" in C:\xampp\htdocs\Defsec\v2\admin\admin_websites.php on line 132
[10-Feb-2026 01:05:16 UTC] PHP Warning:  Undefined array key "count" in C:\xampp\htdocs\Defsec\v2\admin\admin_websites.php on line 135
[10-Feb-2026 01:05:16 UTC] PHP Warning:  Undefined array key "count" in C:\xampp\htdocs\Defsec\v2\admin\admin_websites.php on line 143
[10-Feb-2026 01:05:16 UTC] PHP Warning:  include(includes/admin_navbar.php): Failed to open stream: No such file or directory in C:\xampp\htdocs\Defsec\v2\admin\admin_websites.php on line 237
[10-Feb-2026 01:05:16 UTC] PHP Warning:  include(): Failed opening 'includes/admin_navbar.php' for inclusion (include_path='C:\xampp\php\PEAR') in C:\xampp\htdocs\Defsec\v2\admin\admin_websites.php on line 237
[10-Feb-2026 01:05:16 UTC] PHP Warning:  include(includes/admin_sidebar.php): Failed to open stream: No such file or directory in C:\xampp\htdocs\Defsec\v2\admin\admin_websites.php on line 238
[10-Feb-2026 01:05:16 UTC] PHP Warning:  include(): Failed opening 'includes/admin_sidebar.php' for inclusion (include_path='C:\xampp\php\PEAR') in C:\xampp\htdocs\Defsec\v2\admin\admin_websites.php on line 238
[10-Feb-2026 01:05:18 UTC] PHP Warning:  Undefined array key "count" in C:\xampp\htdocs\Defsec\v2\admin\admin_websites.php on line 129
[10-Feb-2026 01:05:18 UTC] PHP Warning:  Undefined array key "count" in C:\xampp\htdocs\Defsec\v2\admin\admin_websites.php on line 132
[10-Feb-2026 01:05:18 UTC] PHP Warning:  Undefined array key "count" in C:\xampp\htdocs\Defsec\v2\admin\admin_websites.php on line 135
[10-Feb-2026 01:05:18 UTC] PHP Warning:  Undefined array key "count" in C:\xampp\htdocs\Defsec\v2\admin\admin_websites.php on line 143
[10-Feb-2026 01:05:18 UTC] PHP Warning:  include(includes/admin_navbar.php): Failed to open stream: No such file or directory in C:\xampp\htdocs\Defsec\v2\admin\admin_websites.php on line 237
[10-Feb-2026 01:05:18 UTC] PHP Warning:  include(): Failed opening 'includes/admin_navbar.php' for inclusion (include_path='C:\xampp\php\PEAR') in C:\xampp\htdocs\Defsec\v2\admin\admin_websites.php on line 237
[10-Feb-2026 01:05:18 UTC] PHP Warning:  include(includes/admin_sidebar.php): Failed to open stream: No such file or directory in C:\xampp\htdocs\Defsec\v2\admin\admin_websites.php on line 238
[10-Feb-2026 01:05:18 UTC] PHP Warning:  include(): Failed opening 'includes/admin_sidebar.php' for inclusion (include_path='C:\xampp\php\PEAR') in C:\xampp\htdocs\Defsec\v2\admin\admin_websites.php on line 238
[10-Feb-2026 01:05:19 UTC] PHP Warning:  Undefined array key "count" in C:\xampp\htdocs\Defsec\v2\admin\admin_websites.php on line 129
[10-Feb-2026 01:05:19 UTC] PHP Warning:  Undefined array key "count" in C:\xampp\htdocs\Defsec\v2\admin\admin_websites.php on line 132
[10-Feb-2026 01:05:19 UTC] PHP Warning:  Undefined array key "count" in C:\xampp\htdocs\Defsec\v2\admin\admin_websites.php on line 135
[10-Feb-2026 01:05:19 UTC] PHP Warning:  Undefined array key "count" in C:\xampp\htdocs\Defsec\v2\admin\admin_websites.php on line 143
[10-Feb-2026 01:05:19 UTC] PHP Warning:  include(includes/admin_navbar.php): Failed to open stream: No such file or directory in C:\xampp\htdocs\Defsec\v2\admin\admin_websites.php on line 237
[10-Feb-2026 01:05:19 UTC] PHP Warning:  include(): Failed opening 'includes/admin_navbar.php' for inclusion (include_path='C:\xampp\php\PEAR') in C:\xampp\htdocs\Defsec\v2\admin\admin_websites.php on line 237
[10-Feb-2026 01:05:19 UTC] PHP Warning:  include(includes/admin_sidebar.php): Failed to open stream: No such file or directory in C:\xampp\htdocs\Defsec\v2\admin\admin_websites.php on line 238
[10-Feb-2026 01:05:19 UTC] PHP Warning:  include(): Failed opening 'includes/admin_sidebar.php' for inclusion (include_path='C:\xampp\php\PEAR') in C:\xampp\htdocs\Defsec\v2\admin\admin_websites.php on line 238
[10-Feb-2026 01:05:20 UTC] PHP Warning:  Undefined array key "count" in C:\xampp\htdocs\Defsec\v2\admin\admin_websites.php on line 129
[10-Feb-2026 01:05:20 UTC] PHP Warning:  Undefined array key "count" in C:\xampp\htdocs\Defsec\v2\admin\admin_websites.php on line 132
[10-Feb-2026 01:05:20 UTC] PHP Warning:  Undefined array key "count" in C:\xampp\htdocs\Defsec\v2\admin\admin_websites.php on line 135
[10-Feb-2026 01:05:20 UTC] PHP Warning:  Undefined array key "count" in C:\xampp\htdocs\Defsec\v2\admin\admin_websites.php on line 143
[10-Feb-2026 01:05:20 UTC] PHP Warning:  include(includes/admin_navbar.php): Failed to open stream: No such file or directory in C:\xampp\htdocs\Defsec\v2\admin\admin_websites.php on line 237
[10-Feb-2026 01:05:20 UTC] PHP Warning:  include(): Failed opening 'includes/admin_navbar.php' for inclusion (include_path='C:\xampp\php\PEAR') in C:\xampp\htdocs\Defsec\v2\admin\admin_websites.php on line 237
[10-Feb-2026 01:05:20 UTC] PHP Warning:  include(includes/admin_sidebar.php): Failed to open stream: No such file or directory in C:\xampp\htdocs\Defsec\v2\admin\admin_websites.php on line 238
[10-Feb-2026 01:05:20 UTC] PHP Warning:  include(): Failed opening 'includes/admin_sidebar.php' for inclusion (include_path='C:\xampp\php\PEAR') in C:\xampp\htdocs\Defsec\v2\admin\admin_websites.php on line 238
[10-Feb-2026 01:05:22 UTC] PHP Warning:  Undefined array key "count" in C:\xampp\htdocs\Defsec\v2\admin\admin_websites.php on line 129
[10-Feb-2026 01:05:22 UTC] PHP Warning:  Undefined array key "count" in C:\xampp\htdocs\Defsec\v2\admin\admin_websites.php on line 132
[10-Feb-2026 01:05:22 UTC] PHP Warning:  Undefined array key "count" in C:\xampp\htdocs\Defsec\v2\admin\admin_websites.php on line 135
[10-Feb-2026 01:05:22 UTC] PHP Warning:  Undefined array key "count" in C:\xampp\htdocs\Defsec\v2\admin\admin_websites.php on line 143
[10-Feb-2026 01:05:22 UTC] PHP Warning:  include(includes/admin_navbar.php): Failed to open stream: No such file or directory in C:\xampp\htdocs\Defsec\v2\admin\admin_websites.php on line 237
[10-Feb-2026 01:05:22 UTC] PHP Warning:  include(): Failed opening 'includes/admin_navbar.php' for inclusion (include_path='C:\xampp\php\PEAR') in C:\xampp\htdocs\Defsec\v2\admin\admin_websites.php on line 237
[10-Feb-2026 01:05:22 UTC] PHP Warning:  include(includes/admin_sidebar.php): Failed to open stream: No such file or directory in C:\xampp\htdocs\Defsec\v2\admin\admin_websites.php on line 238
[10-Feb-2026 01:05:22 UTC] PHP Warning:  include(): Failed opening 'includes/admin_sidebar.php' for inclusion (include_path='C:\xampp\php\PEAR') in C:\xampp\htdocs\Defsec\v2\admin\admin_websites.php on line 238
[10-Feb-2026 01:05:44 UTC] PHP Warning:  include(includes/admin_navbar.php): Failed to open stream: No such file or directory in C:\xampp\htdocs\Defsec\v2\admin\admin_website_view.php on line 144
[10-Feb-2026 01:05:44 UTC] PHP Warning:  include(): Failed opening 'includes/admin_navbar.php' for inclusion (include_path='C:\xampp\php\PEAR') in C:\xampp\htdocs\Defsec\v2\admin\admin_website_view.php on line 144
[10-Feb-2026 01:05:44 UTC] PHP Warning:  include(includes/admin_sidebar.php): Failed to open stream: No such file or directory in C:\xampp\htdocs\Defsec\v2\admin\admin_website_view.php on line 145
[10-Feb-2026 01:05:44 UTC] PHP Warning:  include(): Failed opening 'includes/admin_sidebar.php' for inclusion (include_path='C:\xampp\php\PEAR') in C:\xampp\htdocs\Defsec\v2\admin\admin_website_view.php on line 145
[10-Feb-2026 01:11:55 UTC] PHP Warning:  include(includes/admin_navbar.php): Failed to open stream: No such file or directory in C:\xampp\htdocs\Defsec\v2\admin\admin_attacks.php on line 209
[10-Feb-2026 01:11:55 UTC] PHP Warning:  include(): Failed opening 'includes/admin_navbar.php' for inclusion (include_path='C:\xampp\php\PEAR') in C:\xampp\htdocs\Defsec\v2\admin\admin_attacks.php on line 209
[10-Feb-2026 01:11:55 UTC] PHP Warning:  include(includes/admin_sidebar.php): Failed to open stream: No such file or directory in C:\xampp\htdocs\Defsec\v2\admin\admin_attacks.php on line 210
[10-Feb-2026 01:11:55 UTC] PHP Warning:  include(): Failed opening 'includes/admin_sidebar.php' for inclusion (include_path='C:\xampp\php\PEAR') in C:\xampp\htdocs\Defsec\v2\admin\admin_attacks.php on line 210
[10-Feb-2026 01:18:34 UTC] PHP Warning:  include(includes/admin_navbar.php): Failed to open stream: No such file or directory in C:\xampp\htdocs\Defsec\v2\admin\admin_blocked.php on line 216
[10-Feb-2026 01:18:34 UTC] PHP Warning:  include(): Failed opening 'includes/admin_navbar.php' for inclusion (include_path='C:\xampp\php\PEAR') in C:\xampp\htdocs\Defsec\v2\admin\admin_blocked.php on line 216
[10-Feb-2026 01:18:34 UTC] PHP Warning:  include(includes/admin_sidebar.php): Failed to open stream: No such file or directory in C:\xampp\htdocs\Defsec\v2\admin\admin_blocked.php on line 217
[10-Feb-2026 01:18:34 UTC] PHP Warning:  include(): Failed opening 'includes/admin_sidebar.php' for inclusion (include_path='C:\xampp\php\PEAR') in C:\xampp\htdocs\Defsec\v2\admin\admin_blocked.php on line 217
[10-Feb-2026 01:19:45 UTC] PHP Warning:  include(includes/admin_navbar.php): Failed to open stream: No such file or directory in C:\xampp\htdocs\Defsec\v2\admin\admin_users.php on line 136
[10-Feb-2026 01:19:45 UTC] PHP Warning:  include(): Failed opening 'includes/admin_navbar.php' for inclusion (include_path='C:\xampp\php\PEAR') in C:\xampp\htdocs\Defsec\v2\admin\admin_users.php on line 136
[10-Feb-2026 01:19:45 UTC] PHP Warning:  include(includes/admin_sidebar.php): Failed to open stream: No such file or directory in C:\xampp\htdocs\Defsec\v2\admin\admin_users.php on line 137
[10-Feb-2026 01:19:45 UTC] PHP Warning:  include(): Failed opening 'includes/admin_sidebar.php' for inclusion (include_path='C:\xampp\php\PEAR') in C:\xampp\htdocs\Defsec\v2\admin\admin_users.php on line 137
[10-Feb-2026 01:19:50 UTC] PHP Warning:  Undefined array key "count" in C:\xampp\htdocs\Defsec\v2\admin\admin_websites.php on line 129
[10-Feb-2026 01:19:50 UTC] PHP Warning:  Undefined array key "count" in C:\xampp\htdocs\Defsec\v2\admin\admin_websites.php on line 132
[10-Feb-2026 01:19:50 UTC] PHP Warning:  Undefined array key "count" in C:\xampp\htdocs\Defsec\v2\admin\admin_websites.php on line 135
[10-Feb-2026 01:19:50 UTC] PHP Warning:  Undefined array key "count" in C:\xampp\htdocs\Defsec\v2\admin\admin_websites.php on line 143
[10-Feb-2026 01:19:50 UTC] PHP Warning:  include(includes/admin_navbar.php): Failed to open stream: No such file or directory in C:\xampp\htdocs\Defsec\v2\admin\admin_websites.php on line 237
[10-Feb-2026 01:19:50 UTC] PHP Warning:  include(): Failed opening 'includes/admin_navbar.php' for inclusion (include_path='C:\xampp\php\PEAR') in C:\xampp\htdocs\Defsec\v2\admin\admin_websites.php on line 237
[10-Feb-2026 01:19:50 UTC] PHP Warning:  include(includes/admin_sidebar.php): Failed to open stream: No such file or directory in C:\xampp\htdocs\Defsec\v2\admin\admin_websites.php on line 238
[10-Feb-2026 01:19:50 UTC] PHP Warning:  include(): Failed opening 'includes/admin_sidebar.php' for inclusion (include_path='C:\xampp\php\PEAR') in C:\xampp\htdocs\Defsec\v2\admin\admin_websites.php on line 238
[10-Feb-2026 01:19:56 UTC] PHP Warning:  include(includes/admin_navbar.php): Failed to open stream: No such file or directory in C:\xampp\htdocs\Defsec\v2\admin\admin_logs.php on line 184
[10-Feb-2026 01:19:56 UTC] PHP Warning:  include(): Failed opening 'includes/admin_navbar.php' for inclusion (include_path='C:\xampp\php\PEAR') in C:\xampp\htdocs\Defsec\v2\admin\admin_logs.php on line 184
[10-Feb-2026 01:19:56 UTC] PHP Warning:  include(includes/admin_sidebar.php): Failed to open stream: No such file or directory in C:\xampp\htdocs\Defsec\v2\admin\admin_logs.php on line 185
[10-Feb-2026 01:19:56 UTC] PHP Warning:  include(): Failed opening 'includes/admin_sidebar.php' for inclusion (include_path='C:\xampp\php\PEAR') in C:\xampp\htdocs\Defsec\v2\admin\admin_logs.php on line 185
[10-Feb-2026 01:20:03 UTC] PHP Warning:  include(includes/admin_navbar.php): Failed to open stream: No such file or directory in C:\xampp\htdocs\Defsec\v2\admin\admin_attacks.php on line 209
[10-Feb-2026 01:20:03 UTC] PHP Warning:  include(): Failed opening 'includes/admin_navbar.php' for inclusion (include_path='C:\xampp\php\PEAR') in C:\xampp\htdocs\Defsec\v2\admin\admin_attacks.php on line 209
[10-Feb-2026 01:20:03 UTC] PHP Warning:  include(includes/admin_sidebar.php): Failed to open stream: No such file or directory in C:\xampp\htdocs\Defsec\v2\admin\admin_attacks.php on line 210
[10-Feb-2026 01:20:03 UTC] PHP Warning:  include(): Failed opening 'includes/admin_sidebar.php' for inclusion (include_path='C:\xampp\php\PEAR') in C:\xampp\htdocs\Defsec\v2\admin\admin_attacks.php on line 210
[10-Feb-2026 01:20:08 UTC] PHP Warning:  include(includes/admin_navbar.php): Failed to open stream: No such file or directory in C:\xampp\htdocs\Defsec\v2\admin\admin_blocked.php on line 216
[10-Feb-2026 01:20:08 UTC] PHP Warning:  include(): Failed opening 'includes/admin_navbar.php' for inclusion (include_path='C:\xampp\php\PEAR') in C:\xampp\htdocs\Defsec\v2\admin\admin_blocked.php on line 216
[10-Feb-2026 01:20:08 UTC] PHP Warning:  include(includes/admin_sidebar.php): Failed to open stream: No such file or directory in C:\xampp\htdocs\Defsec\v2\admin\admin_blocked.php on line 217
[10-Feb-2026 01:20:08 UTC] PHP Warning:  include(): Failed opening 'includes/admin_sidebar.php' for inclusion (include_path='C:\xampp\php\PEAR') in C:\xampp\htdocs\Defsec\v2\admin\admin_blocked.php on line 217
[10-Feb-2026 01:26:08 UTC] Error generating overview report: SQLSTATE[42S22]: Column not found: 1054 Unknown column 'timestamp' in 'where clause'
[10-Feb-2026 01:26:08 UTC] PHP Warning:  include(includes/admin_navbar.php): Failed to open stream: No such file or directory in C:\xampp\htdocs\Defsec\v2\admin\admin_reports.php on line 417
[10-Feb-2026 01:26:08 UTC] PHP Warning:  include(): Failed opening 'includes/admin_navbar.php' for inclusion (include_path='C:\xampp\php\PEAR') in C:\xampp\htdocs\Defsec\v2\admin\admin_reports.php on line 417
[10-Feb-2026 01:26:08 UTC] PHP Warning:  include(includes/admin_sidebar.php): Failed to open stream: No such file or directory in C:\xampp\htdocs\Defsec\v2\admin\admin_reports.php on line 418
[10-Feb-2026 01:26:08 UTC] PHP Warning:  include(): Failed opening 'includes/admin_sidebar.php' for inclusion (include_path='C:\xampp\php\PEAR') in C:\xampp\htdocs\Defsec\v2\admin\admin_reports.php on line 418
[10-Feb-2026 01:43:47 UTC] PHP Warning:  include(includes/admin_navbar.php): Failed to open stream: No such file or directory in C:\xampp\htdocs\Defsec\v2\admin\admin_users.php on line 136
[10-Feb-2026 01:43:47 UTC] PHP Warning:  include(): Failed opening 'includes/admin_navbar.php' for inclusion (include_path='C:\xampp\php\PEAR') in C:\xampp\htdocs\Defsec\v2\admin\admin_users.php on line 136
[10-Feb-2026 01:43:47 UTC] PHP Warning:  include(includes/admin_sidebar.php): Failed to open stream: No such file or directory in C:\xampp\htdocs\Defsec\v2\admin\admin_users.php on line 137
[10-Feb-2026 01:43:47 UTC] PHP Warning:  include(): Failed opening 'includes/admin_sidebar.php' for inclusion (include_path='C:\xampp\php\PEAR') in C:\xampp\htdocs\Defsec\v2\admin\admin_users.php on line 137
[10-Feb-2026 01:44:08 UTC] PHP Warning:  include(includes/admin_sidebar.php): Failed to open stream: No such file or directory in C:\xampp\htdocs\Defsec\v2\admin\admin_users.php on line 137
[10-Feb-2026 01:44:08 UTC] PHP Warning:  include(): Failed opening 'includes/admin_sidebar.php' for inclusion (include_path='C:\xampp\php\PEAR') in C:\xampp\htdocs\Defsec\v2\admin\admin_users.php on line 137
[10-Feb-2026 01:44:53 UTC] PHP Warning:  Undefined array key "count" in C:\xampp\htdocs\Defsec\v2\admin\admin_websites.php on line 129
[10-Feb-2026 01:44:53 UTC] PHP Warning:  Undefined array key "count" in C:\xampp\htdocs\Defsec\v2\admin\admin_websites.php on line 132
[10-Feb-2026 01:44:53 UTC] PHP Warning:  Undefined array key "count" in C:\xampp\htdocs\Defsec\v2\admin\admin_websites.php on line 135
[10-Feb-2026 01:44:53 UTC] PHP Warning:  Undefined array key "count" in C:\xampp\htdocs\Defsec\v2\admin\admin_websites.php on line 143
[10-Feb-2026 01:45:14 UTC] Error generating overview report: SQLSTATE[42S22]: Column not found: 1054 Unknown column 'timestamp' in 'where clause'
[10-Feb-2026 01:46:11 UTC] Error generating overview report: SQLSTATE[42S22]: Column not found: 1054 Unknown column 'timestamp' in 'where clause'
[10-Feb-2026 01:46:47 UTC] PHP Warning:  Undefined array key "count" in C:\xampp\htdocs\Defsec\v2\admin\admin_websites.php on line 129
[10-Feb-2026 01:46:47 UTC] PHP Warning:  Undefined array key "count" in C:\xampp\htdocs\Defsec\v2\admin\admin_websites.php on line 132
[10-Feb-2026 01:46:47 UTC] PHP Warning:  Undefined array key "count" in C:\xampp\htdocs\Defsec\v2\admin\admin_websites.php on line 135
[10-Feb-2026 01:46:47 UTC] PHP Warning:  Undefined array key "count" in C:\xampp\htdocs\Defsec\v2\admin\admin_websites.php on line 143
[10-Feb-2026 01:47:58 UTC] PHP Warning:  Undefined array key "count" in C:\xampp\htdocs\Defsec\v2\admin\admin_websites.php on line 129
[10-Feb-2026 01:47:58 UTC] PHP Warning:  Undefined array key "count" in C:\xampp\htdocs\Defsec\v2\admin\admin_websites.php on line 132
[10-Feb-2026 01:47:58 UTC] PHP Warning:  Undefined array key "count" in C:\xampp\htdocs\Defsec\v2\admin\admin_websites.php on line 135
[10-Feb-2026 01:47:58 UTC] PHP Warning:  Undefined array key "count" in C:\xampp\htdocs\Defsec\v2\admin\admin_websites.php on line 143
[10-Feb-2026 01:48:10 UTC] Error generating overview report: SQLSTATE[42S22]: Column not found: 1054 Unknown column 'timestamp' in 'where clause'
[10-Feb-2026 01:49:25 UTC] PHP Warning:  Undefined array key "count" in C:\xampp\htdocs\Defsec\v2\admin\admin_websites.php on line 129
[10-Feb-2026 01:49:25 UTC] PHP Warning:  Undefined array key "count" in C:\xampp\htdocs\Defsec\v2\admin\admin_websites.php on line 132
[10-Feb-2026 01:49:25 UTC] PHP Warning:  Undefined array key "count" in C:\xampp\htdocs\Defsec\v2\admin\admin_websites.php on line 135
[10-Feb-2026 01:49:25 UTC] PHP Warning:  Undefined array key "count" in C:\xampp\htdocs\Defsec\v2\admin\admin_websites.php on line 143
[10-Feb-2026 01:49:39 UTC] Error generating overview report: SQLSTATE[42S22]: Column not found: 1054 Unknown column 'timestamp' in 'where clause'
[10-Feb-2026 01:49:41 UTC] PHP Warning:  Undefined array key "count" in C:\xampp\htdocs\Defsec\v2\admin\admin_websites.php on line 129
[10-Feb-2026 01:49:41 UTC] PHP Warning:  Undefined array key "count" in C:\xampp\htdocs\Defsec\v2\admin\admin_websites.php on line 132
[10-Feb-2026 01:49:41 UTC] PHP Warning:  Undefined array key "count" in C:\xampp\htdocs\Defsec\v2\admin\admin_websites.php on line 135
[10-Feb-2026 01:49:41 UTC] PHP Warning:  Undefined array key "count" in C:\xampp\htdocs\Defsec\v2\admin\admin_websites.php on line 143
